Copyright 1986-2019 Xilinx, Inc. All Rights Reserved.
------------------------------------------------------------------------------------------
| Tool Version : Vivado v.2019.2 (win64) Build 2708876 Wed Nov  6 21:40:23 MST 2019
| Date         : Thu Mar 19 15:58:55 2026
| Host         : Jan running 64-bit major release  (build 9200)
| Command      : report_clock_utilization -file zybo_ps1_top_clock_utilization_routed.rpt
| Design       : zybo_ps1_top
| Device       : 7z010-clg400
| Speed File   : -1  PRODUCTION 1.11 2014-09-11
| Design State : Routed
------------------------------------------------------------------------------------------

Clock Utilization Report

Table of Contents
-----------------
1. Clock Primitive Utilization
2. Global Clock Resources
3. Global Clock Source Details
4. Clock Regions: Key Resource Utilization
5. Clock Regions : Global Clock Summary
6. Device Cell Placement Summary for Global Clock g0
7. Device Cell Placement Summary for Global Clock g1
8. Device Cell Placement Summary for Global Clock g2
9. Device Cell Placement Summary for Global Clock g3
10. Device Cell Placement Summary for Global Clock g4
11. Clock Region Cell Placement per Global Clock: Region X1Y0
12. Clock Region Cell Placement per Global Clock: Region X1Y1

1. Clock Primitive Utilization
------------------------------

+----------+------+-----------+-----+--------------+--------+
| Type     | Used | Available | LOC | Clock Region | Pblock |
+----------+------+-----------+-----+--------------+--------+
| BUFGCTRL |    5 |        32 |   0 |            0 |      0 |
| BUFH     |    0 |        48 |   0 |            0 |      0 |
| BUFIO    |    0 |         8 |   0 |            0 |      0 |
| BUFMR    |    0 |         4 |   0 |            0 |      0 |
| BUFR     |    0 |         8 |   0 |            0 |      0 |
| MMCM     |    2 |         2 |   0 |            0 |      0 |
| PLL      |    0 |         2 |   0 |            0 |      0 |
+----------+------+-----------+-----+--------------+--------+


2. Global Clock Resources
-------------------------

+-----------+-----------+-----------------+------------+----------------+--------------+-------------------+-------------+-----------------+--------------+----------------+---------------------------------------+-------------------------------------+
| Global Id | Source Id | Driver Type/Pin | Constraint | Site           | Clock Region | Load Clock Region | Clock Loads | Non-Clock Loads | Clock Period | Clock          | Driver Pin                            | Net                                 |
+-----------+-----------+-----------------+------------+----------------+--------------+-------------------+-------------+-----------------+--------------+----------------+---------------------------------------+-------------------------------------+
| g0        | src0      | BUFG/O          | None       | BUFGCTRL_X0Y16 | n/a          |                 2 |         266 |               0 |       10.000 | mmcm1_clkout0  | u_clk_rst/u_clk_gen/u_bufg_clk_sys/O  | u_clk_rst/u_clk_gen/u_mmcm1_0       |
| g1        | src1      | BUFG/O          | None       | BUFGCTRL_X0Y0  | n/a          |                 2 |         107 |               2 |       81.380 | mmcm2_clkout0  | u_clk_rst/u_clk_gen/u_bufg_ac_mclk/O  | u_clk_rst/u_clk_gen/ac_bclk_po_OBUF |
| g2        | src0      | BUFG/O          | None       | BUFGCTRL_X0Y18 | n/a          |                 1 |           1 |               0 |       40.000 | mmcm1_clkfbout | u_clk_rst/u_clk_gen/u_mmcm1_fb_bufg/O | u_clk_rst/u_clk_gen/CLKFBIN         |
| g3        | src2      | BUFG/O          | None       | BUFGCTRL_X0Y17 | n/a          |                 1 |           1 |               0 |        8.000 | clk_pi_125     | u_clk_rst/u_clk_gen/u_bufg_clk_in/O   | u_clk_rst/u_clk_gen/clk_in_bufg     |
| g4        | src1      | BUFG/O          | None       | BUFGCTRL_X0Y1  | n/a          |                 1 |           1 |               0 |       50.000 | mmcm2_clkfbout | u_clk_rst/u_clk_gen/u_mmcm2_fb_bufg/O | u_clk_rst/u_clk_gen/mmcm2_clkfb     |
+-----------+-----------+-----------------+------------+----------------+--------------+-------------------+-------------+-----------------+--------------+----------------+---------------------------------------+-------------------------------------+
* Clock Loads column represents the clock pin loads (pin count)
** Non-Clock Loads column represents the non-clock pin loads (pin count)


3. Global Clock Source Details
------------------------------

+-----------+-----------+---------------------+------------+-----------------+--------------+-------------+-----------------+---------------------+----------------+--------------------------------------+------------------------------------+
| Source Id | Global Id | Driver Type/Pin     | Constraint | Site            | Clock Region | Clock Loads | Non-Clock Loads | Source Clock Period | Source Clock   | Driver Pin                           | Net                                |
+-----------+-----------+---------------------+------------+-----------------+--------------+-------------+-----------------+---------------------+----------------+--------------------------------------+------------------------------------+
| src0      | g2        | MMCME2_ADV/CLKFBOUT | None       | MMCME2_ADV_X0Y1 | X1Y1         |           1 |               0 |              40.000 | mmcm1_clkfbout | u_clk_rst/u_clk_gen/u_mmcm1/CLKFBOUT | u_clk_rst/u_clk_gen/mmcm1_clkfbout |
| src0      | g0        | MMCME2_ADV/CLKOUT0  | None       | MMCME2_ADV_X0Y1 | X1Y1         |           1 |               0 |              10.000 | mmcm1_clkout0  | u_clk_rst/u_clk_gen/u_mmcm1/CLKOUT0  | u_clk_rst/u_clk_gen/mmcm1_clkout0  |
| src1      | g4        | MMCME2_ADV/CLKFBOUT | None       | MMCME2_ADV_X0Y0 | X1Y0         |           1 |               0 |              50.000 | mmcm2_clkfbout | u_clk_rst/u_clk_gen/u_mmcm2/CLKFBOUT | u_clk_rst/u_clk_gen/mmcm2_clkfbout |
| src1      | g1        | MMCME2_ADV/CLKOUT0  | None       | MMCME2_ADV_X0Y0 | X1Y0         |           1 |               0 |              81.380 | mmcm2_clkout0  | u_clk_rst/u_clk_gen/u_mmcm2/CLKOUT0  | u_clk_rst/u_clk_gen/mmcm2_clkout0  |
| src2      | g3        | IBUF/O              | IOB_X0Y78  | IOB_X0Y78       | X1Y1         |           1 |               0 |               8.000 | clk_pi_125     | clk_pi_IBUF_inst/O                   | clk_pi_IBUF                        |
+-----------+-----------+---------------------+------------+-----------------+--------------+-------------+-----------------+---------------------+----------------+--------------------------------------+------------------------------------+
* Clock Loads column represents the clock pin loads (pin count)
** Non-Clock Loads column represents the non-clock pin loads (pin count)


4. Clock Regions: Key Resource Utilization
------------------------------------------

+-------------------+--------------+--------------+--------------+--------------+--------------+--------------+--------------+--------------+--------------+--------------+--------------+--------------+--------------+--------------+--------------+
|                   | Global Clock |     BUFRs    |    BUFMRs    |    BUFIOs    |     MMCM     |      PLL     |      GT      |      PCI     |    ILOGIC    |    OLOGIC    |      FF      |     LUTM     |    RAMB18    |    RAMB36    |    DSP48E2   |
+-------------------+------+-------+------+-------+------+-------+------+-------+------+-------+------+-------+------+-------+------+-------+------+-------+------+-------+------+-------+------+-------+------+-------+------+-------+------+-------+
| Clock Region Name | Used | Avail | Used | Avail | Used | Avail | Used | Avail | Used | Avail | Used | Avail | Used | Avail | Used | Avail | Used | Avail | Used | Avail | Used | Avail | Used | Avail | Used | Avail | Used | Avail | Used | Avail |
+-------------------+------+-------+------+-------+------+-------+------+-------+------+-------+------+-------+------+-------+------+-------+------+-------+------+-------+------+-------+------+-------+------+-------+------+-------+------+-------+
| X0Y0              |    0 |    12 |    0 |     0 |    0 |     0 |    0 |     0 |    0 |     0 |    0 |     0 |    0 |     0 |    0 |     0 |    0 |     0 |    0 |     0 |    0 |  1100 |    0 |   400 |    0 |    20 |    0 |    10 |    0 |    20 |
| X1Y0              |    3 |    12 |    0 |     4 |    0 |     2 |    0 |     4 |    1 |     1 |    0 |     1 |    0 |     0 |    0 |     0 |    0 |    50 |    0 |    50 |  103 |  1100 |   26 |   350 |    0 |    40 |    0 |    20 |    0 |    20 |
| X0Y1              |    0 |    12 |    0 |     0 |    0 |     0 |    0 |     0 |    0 |     0 |    0 |     0 |    0 |     0 |    0 |     0 |    0 |     0 |    0 |     0 |    0 |  1100 |    0 |   400 |    0 |    20 |    0 |    10 |    0 |    20 |
| X1Y1              |    4 |    12 |    0 |     4 |    0 |     2 |    0 |     4 |    1 |     1 |    0 |     1 |    0 |     0 |    0 |     0 |    0 |    50 |    0 |    50 |  260 |  1100 |   80 |   350 |    0 |    40 |    0 |    20 |    9 |    20 |
+-------------------+------+-------+------+-------+------+-------+------+-------+------+-------+------+-------+------+-------+------+-------+------+-------+------+-------+------+-------+------+-------+------+-------+------+-------+------+-------+
* Global Clock column represents track count; while other columns represents cell counts


5. Clock Regions : Global Clock Summary
---------------------------------------

All Modules
+----+----+----+
|    | X0 | X1 |
+----+----+----+
| Y1 |  0 |  4 |
| Y0 |  0 |  3 |
+----+----+----+


6. Device Cell Placement Summary for Global Clock g0
----------------------------------------------------

+-----------+-----------------+-------------------+---------------+-------------+---------------+-------------+----------+----------------+----------+-------------------------------+
| Global Id | Driver Type/Pin | Driver Region (D) | Clock         | Period (ns) | Waveform (ns) | Slice Loads | IO Loads | Clocking Loads | GT Loads | Net                           |
+-----------+-----------------+-------------------+---------------+-------------+---------------+-------------+----------+----------------+----------+-------------------------------+
| g0        | BUFG/O          | n/a               | mmcm1_clkout0 |      10.000 | {0.000 5.000} |         265 |        0 |              1 |        0 | u_clk_rst/u_clk_gen/u_mmcm1_0 |
+-----------+-----------------+-------------------+---------------+-------------+---------------+-------------+----------+----------------+----------+-------------------------------+
* Slice Loads column represents load cell count of all cell types other than IO, GT and clock resources
** IO Loads column represents load cell count of IO types
*** Clocking Loads column represents load cell count that are clock resources (global clock buffer, MMCM, PLL, etc)
**** GT Loads column represents load cell count of GT types


+----+----+------+
|    | X0 | X1   |
+----+----+------+
| Y1 |  0 |  162 |
| Y0 |  0 |  104 |
+----+----+------+


7. Device Cell Placement Summary for Global Clock g1
----------------------------------------------------

+-----------+-----------------+-------------------+---------------+-------------+----------------+-------------+----------+----------------+----------+-------------------------------------+
| Global Id | Driver Type/Pin | Driver Region (D) | Clock         | Period (ns) | Waveform (ns)  | Slice Loads | IO Loads | Clocking Loads | GT Loads | Net                                 |
+-----------+-----------------+-------------------+---------------+-------------+----------------+-------------+----------+----------------+----------+-------------------------------------+
| g1        | BUFG/O          | n/a               | mmcm2_clkout0 |      81.380 | {0.000 40.690} |         107 |        2 |              0 |        0 | u_clk_rst/u_clk_gen/ac_bclk_po_OBUF |
+-----------+-----------------+-------------------+---------------+-------------+----------------+-------------+----------+----------------+----------+-------------------------------------+
* Slice Loads column represents load cell count of all cell types other than IO, GT and clock resources
** IO Loads column represents load cell count of IO types
*** Clocking Loads column represents load cell count that are clock resources (global clock buffer, MMCM, PLL, etc)
**** GT Loads column represents load cell count of GT types


+----+----+------+
|    | X0 | X1   |
+----+----+------+
| Y1 |  0 |  108 |
| Y0 |  0 |    1 |
+----+----+------+


8. Device Cell Placement Summary for Global Clock g2
----------------------------------------------------

+-----------+-----------------+-------------------+----------------+-------------+----------------+-------------+----------+----------------+----------+-----------------------------+
| Global Id | Driver Type/Pin | Driver Region (D) | Clock          | Period (ns) | Waveform (ns)  | Slice Loads | IO Loads | Clocking Loads | GT Loads | Net                         |
+-----------+-----------------+-------------------+----------------+-------------+----------------+-------------+----------+----------------+----------+-----------------------------+
| g2        | BUFG/O          | n/a               | mmcm1_clkfbout |      40.000 | {0.000 20.000} |           0 |        0 |              1 |        0 | u_clk_rst/u_clk_gen/CLKFBIN |
+-----------+-----------------+-------------------+----------------+-------------+----------------+-------------+----------+----------------+----------+-----------------------------+
* Slice Loads column represents load cell count of all cell types other than IO, GT and clock resources
** IO Loads column represents load cell count of IO types
*** Clocking Loads column represents load cell count that are clock resources (global clock buffer, MMCM, PLL, etc)
**** GT Loads column represents load cell count of GT types


+----+----+----+
|    | X0 | X1 |
+----+----+----+
| Y1 |  0 |  1 |
| Y0 |  0 |  0 |
+----+----+----+


9. Device Cell Placement Summary for Global Clock g3
----------------------------------------------------

+-----------+-----------------+-------------------+------------+-------------+---------------+-------------+----------+----------------+----------+---------------------------------+
| Global Id | Driver Type/Pin | Driver Region (D) | Clock      | Period (ns) | Waveform (ns) | Slice Loads | IO Loads | Clocking Loads | GT Loads | Net                             |
+-----------+-----------------+-------------------+------------+-------------+---------------+-------------+----------+----------------+----------+---------------------------------+
| g3        | BUFG/O          | n/a               | clk_pi_125 |       8.000 | {0.000 4.000} |           0 |        0 |              1 |        0 | u_clk_rst/u_clk_gen/clk_in_bufg |
+-----------+-----------------+-------------------+------------+-------------+---------------+-------------+----------+----------------+----------+---------------------------------+
* Slice Loads column represents load cell count of all cell types other than IO, GT and clock resources
** IO Loads column represents load cell count of IO types
*** Clocking Loads column represents load cell count that are clock resources (global clock buffer, MMCM, PLL, etc)
**** GT Loads column represents load cell count of GT types


+----+----+----+
|    | X0 | X1 |
+----+----+----+
| Y1 |  0 |  1 |
| Y0 |  0 |  0 |
+----+----+----+


10. Device Cell Placement Summary for Global Clock g4
-----------------------------------------------------

+-----------+-----------------+-------------------+----------------+-------------+----------------+-------------+----------+----------------+----------+---------------------------------+
| Global Id | Driver Type/Pin | Driver Region (D) | Clock          | Period (ns) | Waveform (ns)  | Slice Loads | IO Loads | Clocking Loads | GT Loads | Net                             |
+-----------+-----------------+-------------------+----------------+-------------+----------------+-------------+----------+----------------+----------+---------------------------------+
| g4        | BUFG/O          | n/a               | mmcm2_clkfbout |      50.000 | {0.000 25.000} |           0 |        0 |              1 |        0 | u_clk_rst/u_clk_gen/mmcm2_clkfb |
+-----------+-----------------+-------------------+----------------+-------------+----------------+-------------+----------+----------------+----------+---------------------------------+
* Slice Loads column represents load cell count of all cell types other than IO, GT and clock resources
** IO Loads column represents load cell count of IO types
*** Clocking Loads column represents load cell count that are clock resources (global clock buffer, MMCM, PLL, etc)
**** GT Loads column represents load cell count of GT types


+----+----+----+
|    | X0 | X1 |
+----+----+----+
| Y1 |  0 |  0 |
| Y0 |  0 |  1 |
+----+----+----+


11. Clock Region Cell Placement per Global Clock: Region X1Y0
-------------------------------------------------------------

+-----------+-------+-----------------+------------+-------------+-----------------+-----+--------+------+-----+----+------+-----+---------+-------------------------------------+
| Global Id | Track | Driver Type/Pin | Constraint | Clock Loads | Non-Clock Loads | FF  | LUTRAM | RAMB | DSP | GT | MMCM | PLL | Hard IP | Net                                 |
+-----------+-------+-----------------+------------+-------------+-----------------+-----+--------+------+-----+----+------+-----+---------+-------------------------------------+
| g0        | n/a   | BUFG/O          | None       |         104 |               0 | 103 |      0 |    0 |   0 |  0 |    1 |   0 |       0 | u_clk_rst/u_clk_gen/u_mmcm1_0       |
| g1        | n/a   | BUFG/O          | None       |           0 |               1 |   0 |      0 |    0 |   0 |  0 |    0 |   0 |       0 | u_clk_rst/u_clk_gen/ac_bclk_po_OBUF |
| g4        | n/a   | BUFG/O          | None       |           1 |               0 |   0 |      0 |    0 |   0 |  0 |    1 |   0 |       0 | u_clk_rst/u_clk_gen/mmcm2_clkfb     |
+-----------+-------+-----------------+------------+-------------+-----------------+-----+--------+------+-----+----+------+-----+---------+-------------------------------------+
* Clock Loads column represents the clock pin loads (pin count)
** Non-Clock Loads column represents the non-clock pin loads (pin count)
*** Columns FF, LUTRAM, RAMB through 'Hard IP' represents load cell counts


12. Clock Region Cell Placement per Global Clock: Region X1Y1
-------------------------------------------------------------

+-----------+-------+-----------------+------------+-------------+-----------------+-----+--------+------+-----+----+------+-----+---------+-------------------------------------+
| Global Id | Track | Driver Type/Pin | Constraint | Clock Loads | Non-Clock Loads | FF  | LUTRAM | RAMB | DSP | GT | MMCM | PLL | Hard IP | Net                                 |
+-----------+-------+-----------------+------------+-------------+-----------------+-----+--------+------+-----+----+------+-----+---------+-------------------------------------+
| g0        | n/a   | BUFG/O          | None       |         162 |               0 | 153 |      0 |    0 |   9 |  0 |    0 |   0 |       0 | u_clk_rst/u_clk_gen/u_mmcm1_0       |
| g1        | n/a   | BUFG/O          | None       |         107 |               1 | 107 |      0 |    0 |   0 |  0 |    0 |   0 |       0 | u_clk_rst/u_clk_gen/ac_bclk_po_OBUF |
| g2        | n/a   | BUFG/O          | None       |           1 |               0 |   0 |      0 |    0 |   0 |  0 |    1 |   0 |       0 | u_clk_rst/u_clk_gen/CLKFBIN         |
| g3        | n/a   | BUFG/O          | None       |           1 |               0 |   0 |      0 |    0 |   0 |  0 |    1 |   0 |       0 | u_clk_rst/u_clk_gen/clk_in_bufg     |
+-----------+-------+-----------------+------------+-------------+-----------------+-----+--------+------+-----+----+------+-----+---------+-------------------------------------+
* Clock Loads column represents the clock pin loads (pin count)
** Non-Clock Loads column represents the non-clock pin loads (pin count)
*** Columns FF, LUTRAM, RAMB through 'Hard IP' represents load cell counts



# Location of BUFG Primitives 
set_property LOC BUFGCTRL_X0Y16 [get_cells u_clk_rst/u_clk_gen/u_bufg_clk_sys]
set_property LOC BUFGCTRL_X0Y1 [get_cells u_clk_rst/u_clk_gen/u_mmcm2_fb_bufg]
set_property LOC BUFGCTRL_X0Y17 [get_cells u_clk_rst/u_clk_gen/u_bufg_clk_in]
set_property LOC BUFGCTRL_X0Y0 [get_cells u_clk_rst/u_clk_gen/u_bufg_ac_mclk]
set_property LOC BUFGCTRL_X0Y18 [get_cells u_clk_rst/u_clk_gen/u_mmcm1_fb_bufg]

# Location of IO Primitives which is load of clock spine
set_property LOC IOB_X0Y0 [get_cells ac_mclk_po_OBUF_inst]
set_property LOC IOB_X0Y75 [get_cells ac_bclk_po_OBUF_inst]

# Location of clock ports
set_property LOC IOB_X0Y78 [get_ports clk_pi]

# Clock net "u_clk_rst/u_clk_gen/u_mmcm1_0" driven by instance "u_clk_rst/u_clk_gen/u_bufg_clk_sys" located at site "BUFGCTRL_X0Y16"
#startgroup
create_pblock {CLKAG_u_clk_rst/u_clk_gen/u_mmcm1_0}
add_cells_to_pblock [get_pblocks  {CLKAG_u_clk_rst/u_clk_gen/u_mmcm1_0}] [get_cells -filter { PRIMITIVE_GROUP != I/O && IS_PRIMITIVE==1 && PRIMITIVE_LEVEL !=INTERNAL && NAME!=u_clk_rst/u_clk_gen/u_mmcm2} -of_object [get_pins -filter {DIRECTION==IN} -of_objects [get_nets -hierarchical -filter {PARENT=="u_clk_rst/u_clk_gen/u_mmcm1_0"}]]]
resize_pblock [get_pblocks {CLKAG_u_clk_rst/u_clk_gen/u_mmcm1_0}] -add {CLOCKREGION_X1Y0:CLOCKREGION_X1Y0 CLOCKREGION_X1Y1:CLOCKREGION_X1Y1}
#endgroup

# Clock net "u_clk_rst/u_clk_gen/ac_bclk_po_OBUF" driven by instance "u_clk_rst/u_clk_gen/u_bufg_ac_mclk" located at site "BUFGCTRL_X0Y0"
#startgroup
create_pblock {CLKAG_u_clk_rst/u_clk_gen/ac_bclk_po_OBUF}
add_cells_to_pblock [get_pblocks  {CLKAG_u_clk_rst/u_clk_gen/ac_bclk_po_OBUF}] [get_cells -filter { PRIMITIVE_GROUP != I/O && IS_PRIMITIVE==1 && PRIMITIVE_LEVEL !=INTERNAL && NAME!=ac_mclk_po_OBUF_inst && NAME!=ac_bclk_po_OBUF_inst} -of_object [get_pins -filter {DIRECTION==IN} -of_objects [get_nets -hierarchical -filter {PARENT=="u_clk_rst/u_clk_gen/ac_bclk_po_OBUF"}]]]
resize_pblock [get_pblocks {CLKAG_u_clk_rst/u_clk_gen/ac_bclk_po_OBUF}] -add {CLOCKREGION_X1Y1:CLOCKREGION_X1Y1}
#endgroup
