Copyright 1986-2019 Xilinx, Inc. All Rights Reserved.
------------------------------------------------------------------------------------------------------------------------------
| Tool Version : Vivado v.2019.2 (win64) Build 2708876 Wed Nov  6 21:40:23 MST 2019
| Date         : Tue May  5 19:46:52 2026
| Host         : Jan running 64-bit major release  (build 9200)
| Command      : report_drc -file zybo_ps1_top_drc_routed.rpt -pb zybo_ps1_top_drc_routed.pb -rpx zybo_ps1_top_drc_routed.rpx
| Design       : zybo_ps1_top
| Device       : xc7z010clg400-1
| Speed File   : -1
| Design State : Fully Routed
------------------------------------------------------------------------------------------------------------------------------

Report DRC

Table of Contents
-----------------
1. REPORT SUMMARY
2. REPORT DETAILS

1. REPORT SUMMARY
-----------------
            Netlist: netlist
          Floorplan: design_1
      Design limits: <entire design considered>
           Ruledeck: default
             Max violations: <unlimited>
             Violations found: 6
+---------+----------+------------------------+------------+
| Rule    | Severity | Description            | Violations |
+---------+----------+------------------------+------------+
| CHECK-1 | Warning  | Report disabled checks | 1          |
| DPOP-2  | Warning  | MREG Output pipelining | 4          |
| ZPS7-1  | Warning  | PS7 block required     | 1          |
+---------+----------+------------------------+------------+

2. REPORT DETAILS
-----------------
CHECK-1#1 Warning
Report disabled checks  
The following rules are disabled: REQP-1839
Related violations: <none>

DPOP-2#1 Warning
MREG Output pipelining  
DSP u_ap_user_top/u_fir_bank/u_fir_hp9_l/stage_reg[0] multiplier stage u_ap_user_top/u_fir_bank/u_fir_hp9_l/stage_reg[0]/P[47:0] is not pipelined (MREG=0). Pipelining the multiplier function will improve performance and will save significant power so it is suggested whenever possible to fully pipeline this function.  If this multiplier was inferred, it is suggested to describe an additional register stage after this function.  If there is no registered adder/accumulator following the multiply function, two pipeline stages are suggested to allow both the MREG and PREG registers to be used.  If the DSP48 was instantiated in the design, it is suggested to set both the MREG and PREG attributes to 1 when performing multiply functions.
Related violations: <none>

DPOP-2#2 Warning
MREG Output pipelining  
DSP u_ap_user_top/u_fir_bank/u_fir_hp9_r/stage_reg[0] multiplier stage u_ap_user_top/u_fir_bank/u_fir_hp9_r/stage_reg[0]/P[47:0] is not pipelined (MREG=0). Pipelining the multiplier function will improve performance and will save significant power so it is suggested whenever possible to fully pipeline this function.  If this multiplier was inferred, it is suggested to describe an additional register stage after this function.  If there is no registered adder/accumulator following the multiply function, two pipeline stages are suggested to allow both the MREG and PREG registers to be used.  If the DSP48 was instantiated in the design, it is suggested to set both the MREG and PREG attributes to 1 when performing multiply functions.
Related violations: <none>

DPOP-2#3 Warning
MREG Output pipelining  
DSP u_ap_user_top/u_fir_bank/u_fir_lp9_l/stage_reg[0] multiplier stage u_ap_user_top/u_fir_bank/u_fir_lp9_l/stage_reg[0]/P[47:0] is not pipelined (MREG=0). Pipelining the multiplier function will improve performance and will save significant power so it is suggested whenever possible to fully pipeline this function.  If this multiplier was inferred, it is suggested to describe an additional register stage after this function.  If there is no registered adder/accumulator following the multiply function, two pipeline stages are suggested to allow both the MREG and PREG registers to be used.  If the DSP48 was instantiated in the design, it is suggested to set both the MREG and PREG attributes to 1 when performing multiply functions.
Related violations: <none>

DPOP-2#4 Warning
MREG Output pipelining  
DSP u_ap_user_top/u_fir_bank/u_fir_lp9_r/stage_reg[0] multiplier stage u_ap_user_top/u_fir_bank/u_fir_lp9_r/stage_reg[0]/P[47:0] is not pipelined (MREG=0). Pipelining the multiplier function will improve performance and will save significant power so it is suggested whenever possible to fully pipeline this function.  If this multiplier was inferred, it is suggested to describe an additional register stage after this function.  If there is no registered adder/accumulator following the multiply function, two pipeline stages are suggested to allow both the MREG and PREG registers to be used.  If the DSP48 was instantiated in the design, it is suggested to set both the MREG and PREG attributes to 1 when performing multiply functions.
Related violations: <none>

ZPS7-1#1 Warning
PS7 block required  
The PS7 cell must be used in this Zynq design in order to enable correct default configuration.
Related violations: <none>


