Copyright 1986-2019 Xilinx, Inc. All Rights Reserved.
--------------------------------------------------------------------------------------------------------------------------------------------------------------------------
| Tool Version : Vivado v.2019.2 (win64) Build 2708876 Wed Nov  6 21:40:23 MST 2019
| Date         : Wed Apr 29 16:18:35 2026
| Host         : Jan running 64-bit major release  (build 9200)
| Command      : report_methodology -file zybo_ps1_top_methodology_drc_routed.rpt -pb zybo_ps1_top_methodology_drc_routed.pb -rpx zybo_ps1_top_methodology_drc_routed.rpx
| Design       : zybo_ps1_top
| Device       : xc7z010clg400-1
| Speed File   : -1
| Design State : Fully Routed
--------------------------------------------------------------------------------------------------------------------------------------------------------------------------

Report Methodology

Table of Contents
-----------------
1. REPORT SUMMARY
2. REPORT DETAILS

1. REPORT SUMMARY
-----------------
            Netlist: netlist
          Floorplan: design_1
      Design limits: <entire design considered>
             Max violations: <unlimited>
             Violations found: 2
+---------+----------+------------------------------+------------+
| Rule    | Severity | Description                  | Violations |
+---------+----------+------------------------------+------------+
| LUTAR-1 | Warning  | LUT drives async reset alert | 2          |
+---------+----------+------------------------------+------------+

2. REPORT DETAILS
-----------------
LUTAR-1#1 Warning
LUT drives async reset alert  
LUT cell u_clk_rst/u_clk_gen/rst_ac_i2c_sync[2]_i_1, with 2 or more inputs, drives asynchronous preset/clear pin(s) u_clk_rst/u_rst_gen/rst_ac_i2c_po_reg/PRE, u_clk_rst/u_rst_gen/rst_ac_i2c_sync_reg[0]/PRE, u_clk_rst/u_rst_gen/rst_ac_i2c_sync_reg[1]/PRE, u_clk_rst/u_rst_gen/rst_ac_i2c_sync_reg[2]/PRE. The LUT may glitch and trigger an unexpected reset, even if it is a properly timed path.
Related violations: <none>

LUTAR-1#2 Warning
LUT drives async reset alert  
LUT cell u_clk_rst/u_clk_gen/rst_sys_sync[2]_i_1, with 2 or more inputs, drives asynchronous preset/clear pin(s) u_clk_rst/u_rst_gen/rst_sys_po_reg/PRE, u_clk_rst/u_rst_gen/rst_sys_sync_reg[0]/PRE, u_clk_rst/u_rst_gen/rst_sys_sync_reg[1]/PRE, u_clk_rst/u_rst_gen/rst_sys_sync_reg[2]/PRE. The LUT may glitch and trigger an unexpected reset, even if it is a properly timed path.
Related violations: <none>


