Copyright 1986-2019 Xilinx, Inc. All Rights Reserved.
-----------------------------------------------------------------------------------------
| Tool Version : Vivado v.2019.2 (win64) Build 2708876 Wed Nov  6 21:40:23 MST 2019
| Date         : Tue May  5 19:46:32 2026
| Host         : Jan running 64-bit major release  (build 9200)
| Command      : report_control_sets -verbose -file zybo_ps1_top_control_sets_placed.rpt
| Design       : zybo_ps1_top
| Device       : xc7z010
-----------------------------------------------------------------------------------------

Control Set Information

Table of Contents
-----------------
1. Summary
2. Histogram
3. Flip-Flop Distribution
4. Detailed Control Set Information

1. Summary
----------

+----------------------------------------------------------+-------+
|                          Status                          | Count |
+----------------------------------------------------------+-------+
| Total control sets                                       |    22 |
|    Minimum number of control sets                        |    22 |
|    Addition due to synthesis replication                 |     0 |
|    Addition due to physical synthesis replication        |     0 |
| Unused register locations in slices containing registers |    67 |
+----------------------------------------------------------+-------+
* Control sets can be merged at opt_design using control_set_merge or merge_equivalent_drivers
** Run report_qor_suggestions for automated merging and remapping suggestions


2. Histogram
------------

+--------------------+-------+
|       Fanout       | Count |
+--------------------+-------+
| Total control sets |    22 |
| >= 0 to < 4        |     2 |
| >= 4 to < 6        |     4 |
| >= 6 to < 8        |     2 |
| >= 8 to < 10       |     2 |
| >= 10 to < 12      |     2 |
| >= 12 to < 14      |     0 |
| >= 14 to < 16      |     0 |
| >= 16              |    10 |
+--------------------+-------+
* Control sets can be remapped at either synth_design or opt_design


3. Flip-Flop Distribution
-------------------------

+--------------+-----------------------+------------------------+-----------------+--------------+
| Clock Enable | Synchronous Set/Reset | Asynchronous Set/Reset | Total Registers | Total Slices |
+--------------+-----------------------+------------------------+-----------------+--------------+
| No           | No                    | No                     |              35 |           17 |
| No           | No                    | Yes                    |              75 |           42 |
| No           | Yes                   | No                     |              21 |            5 |
| Yes          | No                    | No                     |              88 |           30 |
| Yes          | No                    | Yes                    |             265 |          110 |
| Yes          | Yes                   | No                     |             145 |           51 |
+--------------+-----------------------+------------------------+-----------------+--------------+


4. Detailed Control Set Information
-----------------------------------

+---------------------------------+---------------------------------------------------------------------------------------------+-----------------------------------------------+------------------+----------------+
|           Clock Signal          |                                        Enable Signal                                        |                Set/Reset Signal               | Slice Load Count | Bel Load Count |
+---------------------------------+---------------------------------------------------------------------------------------------+-----------------------------------------------+------------------+----------------+
|  u_clk_rst/u_clk_gen/clk_sys_po | u_ap_user_top/u_rotary_encoder/sample_en_reg_n_0                                            | u_clk_rst/u_rst_gen/rst_sys_po                |                1 |              2 |
| ~u_clk_rst/u_clk_gen/ac_mclk_po | u_ap_codec_if/u_ac_i2s_if/lrc_regb_i_2_n_0                                                  | u_ap_codec_if/u_ac_i2s_if/p_1_in              |                1 |              2 |
|  u_clk_rst/u_clk_gen/clk_sys_po |                                                                                             | u_clk_rst/u_clk_gen/AS[0]                     |                2 |              4 |
|  u_clk_rst/u_clk_gen/clk_sys_po |                                                                                             | u_clk_rst/u_clk_gen/rst_pi[0]                 |                2 |              4 |
|  u_clk_rst/u_clk_gen/clk_sys_po | u_ap_codec_if/u_ac_i2c_if/u_ac_i2c_wrapper/u_ac_i2c_master/E[0]                             | u_clk_rst/u_rst_gen/rst_ac_i2c_po             |                3 |              4 |
|  u_clk_rst/u_clk_gen/clk_sys_po | u_ap_codec_if/u_ac_i2c_if/reg_idx_q[3]_i_1_n_0                                              | u_clk_rst/u_rst_gen/rst_ac_i2c_po             |                1 |              4 |
|  u_clk_rst/u_clk_gen/clk_sys_po | u_ap_codec_if/u_ac_i2c_if/u_ac_i2c_wrapper/u_ac_i2c_master/FSM_sequential_state_q_reg[0][0] | u_clk_rst/u_rst_gen/rst_ac_i2c_po             |                3 |              6 |
|  u_clk_rst/u_clk_gen/clk_sys_po | u_ap_codec_if/u_ac_i2c_if/u_ac_i2c_wrapper/i2c_addr_d                                       | u_clk_rst/u_rst_gen/rst_ac_i2c_po             |                4 |              7 |
|  u_clk_rst/u_clk_gen/clk_sys_po | u_ap_codec_if/u_ac_i2c_if/u_ac_i2c_wrapper/u_ac_i2c_master/addr_rw0                         |                                               |                4 |              8 |
|  u_clk_rst/u_clk_gen/clk_sys_po | u_ap_codec_if/u_ac_i2c_if/u_ac_i2c_wrapper/u_ac_i2c_master/busy1                            | u_clk_rst/u_rst_gen/rst_ac_i2c_po             |                4 |              9 |
|  u_clk_rst/u_clk_gen/clk_sys_po |                                                                                             |                                               |                8 |             10 |
|  u_clk_rst/u_clk_gen/clk_sys_po | u_ap_codec_if/u_ac_i2c_if/u_ac_i2c_wrapper/E[0]                                             | u_clk_rst/u_rst_gen/rst_ac_i2c_po             |                3 |             10 |
|  u_clk_rst/u_clk_gen/ac_mclk_po | u_ap_codec_if/u_ac_i2s_if/adc_shft_regb[15]_i_1_n_0                                         |                                               |                7 |             16 |
| ~u_clk_rst/u_clk_gen/ac_mclk_po | u_ap_codec_if/u_ac_i2s_if/adc_smpl_regb[l][15]_i_1_n_0                                      |                                               |                5 |             16 |
| ~u_clk_rst/u_clk_gen/ac_mclk_po | u_ap_codec_if/u_ac_i2s_if/smpl_enb_regb_i_1_n_0                                             |                                               |                5 |             16 |
|  u_clk_rst/u_clk_gen/clk_sys_po |                                                                                             | u_clk_rst/u_rst_gen/rst_ac_i2c_po             |               14 |             24 |
| ~u_clk_rst/u_clk_gen/ac_mclk_po |                                                                                             |                                               |                9 |             25 |
|  u_clk_rst/u_clk_gen/clk_sys_po | u_ap_codec_if/u_ac_i2c_if/counter_q[25]_i_1_n_0                                             | u_clk_rst/u_rst_gen/rst_ac_i2c_po             |               10 |             26 |
| ~u_clk_rst/u_clk_gen/ac_mclk_po | u_ap_codec_if/u_ac_i2s_if/smpl_enb_regb                                                     |                                               |                9 |             32 |
|  u_clk_rst/u_clk_gen/clk_sys_po |                                                                                             | u_clk_rst/u_rst_gen/rst_sys_po                |               29 |             64 |
|  u_clk_rst/u_clk_gen/clk_sys_po | u_ap_user_top/u_audio_ram/addr_cnt                                                          | u_ap_user_top/u_audio_ram/addr_cnt[0]_i_1_n_0 |               49 |            141 |
|  u_clk_rst/u_clk_gen/clk_sys_po | u_ap_codec_if/u_ac_i2s_if/E[0]                                                              | u_clk_rst/u_rst_gen/rst_sys_po                |               82 |            199 |
+---------------------------------+---------------------------------------------------------------------------------------------+-----------------------------------------------+------------------+----------------+


